// Jest Snapshot v1, https://goo.gl/fbAQLP

exports[`accountModel encode 1`] = `
Object {
  "data": Object {
    "balance": "24159510",
    "blockHeight": 185713,
    "currencyId": "icon",
    "freshAddress": "1TrvaGgHc7nK3XbHERUhDwHorM",
    "freshAddressPath": "49'/1'/1'/0/2",
    "id": "mock_account_model1",
    "index": 1,
    "lastSyncDate": "2018-03-14T17:34:42.000Z",
    "name": "KpRYSSEgIp6Sw2KiPY1Ue",
    "operations": Array [
      Object {
        "accountId": "mock_account_model1",
        "blockHash": "A7705FD52A4695EACBE7317C8D49C35DF1D846335062FBA1467CB1A9250EBDE1",
        "blockHeight": 185673,
        "date": "2018-03-14T07:22:59.990Z",
        "fee": "1378",
        "hash": "35F4848FC204CC05EF510B5421F191ECF3825AB13ABD5471EF6A382A7C74839E",
        "id": "mock_op_0_mock_account_model1",
        "recipients": Array [
          "1skmZYqF4131b8QXwKQi5T69M6J6T",
        ],
        "senders": Array [
          "19P5jBnMRdb51y8YZEYo91zjqhV",
        ],
        "type": "IN",
        "value": "137833",
      },
      Object {
        "accountId": "mock_account_model1",
        "blockHash": "3F70B62C8C23573B70714CFF5FD63AAA8501089847AD11E952D865020F10DC62",
        "blockHeight": 185650,
        "date": "2018-03-14T01:37:22.081Z",
        "fee": "2263",
        "hash": "C7E5B67C3C2CCF32AEDF0ED3C3856A77096CEAB106B4B125ECBCA9594858B902",
        "id": "mock_op_1_mock_account_model1",
        "recipients": Array [
          "1DGRYHzpzKCWUdaPTXsrTMW2ZMEsfR5ucz",
        ],
        "senders": Array [
          "1K5Gm6dgZxueBgksGqJ9VkbgKkD2vdUZQ",
        ],
        "type": "IN",
        "value": "226255",
      },
      Object {
        "accountId": "mock_account_model1",
        "blockHash": "C717FA74EA36BB3386E2F1A15878516FB357C21CB675552A11CC2DFD520AC844",
        "blockHeight": 185636,
        "date": "2018-03-13T22:10:26.813Z",
        "fee": "141",
        "hash": "26C82FDE9420EF0BCF211D0FF8D7963ACB8D0C68A25657A4E1F1D5B51E7F82FF",
        "id": "mock_op_2_mock_account_model1",
        "recipients": Array [
          "1vhnKFVqZm23ZG4vAzAHRamywVHbR5UX3s",
        ],
        "senders": Array [
          "1otKP3BEkTCj9hcd4NgjFCqfB2Sq6jcHJxU",
        ],
        "type": "IN",
        "value": "14098",
      },
      Object {
        "accountId": "mock_account_model1",
        "blockHash": "502200C3FA100FC1EBE0C414A1052061833D8098E76146253057B5C483E62613",
        "blockHeight": 185632,
        "date": "2018-03-13T21:08:23.893Z",
        "fee": "4435",
        "hash": "F8C9F9C226AB620E08A780F5C3342FF1BBC742B277C7347489E97CC3481C760D",
        "id": "mock_op_3_mock_account_model1",
        "recipients": Array [
          "1zcPeeHth9PsRtDSC5LZmLjdLFphW3BT",
        ],
        "senders": Array [
          "1J9EJZETmzL7UqLqQQi4dm67r81R",
        ],
        "type": "OUT",
        "value": "443477",
      },
      Object {
        "accountId": "mock_account_model1",
        "blockHash": "B6A6CED9BBD6391AF20F5A8A49C06B2495B52078CB8ACC329E1A3E9E21B17A38",
        "blockHeight": 185621,
        "date": "2018-03-13T18:20:45.012Z",
        "fee": "2595",
        "hash": "20652F9DA9D5409F80F394D5EA2961D83DAF28AF57EDF65E944990B607916BC9",
        "id": "mock_op_4_mock_account_model1",
        "recipients": Array [
          "1ktSxL9hVN4Q6CZVbVrVaKqqx9yDFio1en",
        ],
        "senders": Array [
          "1CmvDr4RKBe1zXidAU3oeWtKLgo355zd",
        ],
        "type": "OUT",
        "value": "259516",
      },
      Object {
        "accountId": "mock_account_model1",
        "blockHash": "99CC3CC96FD3E7D2A08F5B7776BF152B9546B41A81DA5F069A30961AFFCCE8EF",
        "blockHeight": 185592,
        "date": "2018-03-13T11:08:00.325Z",
        "fee": "36539",
        "hash": "EFCD22BC6ADE9FA37588F5FA13F92A999EC6F846D17645F2CC91F863B50DA86A",
        "id": "mock_op_5_mock_account_model1",
        "recipients": Array [
          "1D8XPf3b2dVXs2pMC56Gk49JMZGEpGa5",
        ],
        "senders": Array [
          "11m7tPd3mcqybhx82ncPavE6yaqKqLxZ",
        ],
        "type": "IN",
        "value": "3653896",
      },
      Object {
        "accountId": "mock_account_model1",
        "blockHash": "2873E561317C57AD815181B20793F6B2C19EBB3B272D599107EBD30AE756B416",
        "blockHeight": 185549,
        "date": "2018-03-13T00:25:45.292Z",
        "fee": "970",
        "hash": "77803ACEAEB259C924596EAE3968F4CC2F5862F99D221644B6672ADBAB071023",
        "id": "mock_op_6_mock_account_model1",
        "recipients": Array [
          "1B8kV62HjLiN23ZvPwGWbSUUuGGScUbj",
        ],
        "senders": Array [
          "19oZYw1Lg6PPKV6zH1g9EvZWGuZGMB9v",
        ],
        "type": "OUT",
        "value": "97044",
      },
      Object {
        "accountId": "mock_account_model1",
        "blockHash": "31EA4F74B797238A0D2AD74DBFA3B9E84C3B93E258852E700B6E789BCA5B2D2F",
        "blockHeight": 185548,
        "date": "2018-03-13T00:18:36.727Z",
        "fee": "19644",
        "hash": "BF8953FE3022F5D317C9626537596DE2AA8BC4B8780AD7212CA3E812B1DCDCFE",
        "id": "mock_op_7_mock_account_model1",
        "recipients": Array [
          "1rkfVfGNqYkya4tzMCyq7VzmPhfKD",
        ],
        "senders": Array [
          "16ySc7iD79jSNSDxFbhKQG9TxAN2i",
        ],
        "type": "IN",
        "value": "1964439",
      },
      Object {
        "accountId": "mock_account_model1",
        "blockHash": "61412F5CB3594D7909DF6F6552F5786516D9347812CBD56CEDF3D5FFEF2A2563",
        "blockHeight": 185509,
        "date": "2018-03-12T14:21:06.167Z",
        "fee": "2850",
        "hash": "4D7F1B641C6C58554AA6FEDA5FC92BE62D9BFB495B063E4EC5E0148524F8C071",
        "id": "mock_op_8_mock_account_model1",
        "recipients": Array [
          "1amdAyqWRVkR1pm9VfzMDXjrdPc9rhs",
        ],
        "senders": Array [
          "1juKQGJqWNg1XqbjA7cDwoVt39zBk",
        ],
        "type": "IN",
        "value": "284975",
      },
      Object {
        "accountId": "mock_account_model1",
        "blockHash": "DB2353DEFE3CC4148D1C07EDAF57791288A1015B91A4406C733292F4C01C1D22",
        "blockHeight": 185507,
        "date": "2018-03-12T13:57:46.463Z",
        "fee": "1485",
        "hash": "D99DAC2E254A4450252B0ACD825ACA5BA5D3AECEAB13220EAA2AB3AA421CD80C",
        "id": "mock_op_9_mock_account_model1",
        "recipients": Array [
          "11iesUTYMBCxSKrUYyV412mp2xRBJhzV",
        ],
        "senders": Array [
          "1ZpykCPV1sNMPndABh52eDe8sWixyER6J",
        ],
        "type": "IN",
        "value": "148510",
      },
      Object {
        "accountId": "mock_account_model1",
        "blockHash": "12C9AA85AD750F075E05EABD11DF97C3ACA96A7F3EEA69FA0ECF389D2F2AF4D1",
        "blockHeight": 185505,
        "date": "2018-03-12T13:28:11.531Z",
        "fee": "2896",
        "hash": "1192F252E7F83904C81B879F0DAA74C521B4AF624AE630DD6CB27864A8C115A4",
        "id": "mock_op_10_mock_account_model1",
        "recipients": Array [
          "1d4WoCXwkoqFrtnuJTA1oj5cHPjYawoJR9",
        ],
        "senders": Array [
          "1K6hAJCHDsNmtJgKGFmNkAoKnJTC9ar",
        ],
        "type": "OUT",
        "value": "289628",
      },
      Object {
        "accountId": "mock_account_model1",
        "blockHash": "F8A5625E9F44B7AAAB16ABA8EE395F9EB9DFE5684C355A7F874D6EC4542E178D",
        "blockHeight": 185502,
        "date": "2018-03-12T12:40:20.243Z",
        "fee": "3813",
        "hash": "A33C7F5C270CB147294109AC8C082DB0BDCE2682319CA6E3099D0A3DC0B2BC8A",
        "id": "mock_op_11_mock_account_model1",
        "recipients": Array [
          "1Z529tBRfTGhDtZww1fz2rxRemg",
        ],
        "senders": Array [
          "1fYpusHvF2Ndb6ZvxyV1EgCX9QuHQAdJnQ",
        ],
        "type": "IN",
        "value": "381335",
      },
      Object {
        "accountId": "mock_account_model1",
        "blockHash": "9274DA7736BE11B0CFEC19F09CD37C682954A92F0A94D87A7A715933C615FA1B",
        "blockHeight": 185501,
        "date": "2018-03-12T12:25:01.057Z",
        "fee": "8348",
        "hash": "DF940CE0FB247EEA015489569842FD0BC53AFB1E3E4237852FDE77A83B4BA492",
        "id": "mock_op_12_mock_account_model1",
        "recipients": Array [
          "12qoo2L5MpG1UeT84voU1roCBAguG",
        ],
        "senders": Array [
          "1UbRGifqKRtRwhQyeJMDtm7cPzvp",
        ],
        "type": "OUT",
        "value": "834804",
      },
      Object {
        "accountId": "mock_account_model1",
        "blockHash": "50C19C490698F26D02F2B8E2A41E94EAF18560B0FC86F5871521E7203A333BAB",
        "blockHeight": 185491,
        "date": "2018-03-12T10:00:17.639Z",
        "fee": "107",
        "hash": "6240E60B221838F45D23705D61116645BBA8350EAE1849CF2470A88A84DC2C75",
        "id": "mock_op_13_mock_account_model1",
        "recipients": Array [
          "1D1KbKVTz6zJ4TqwxieoDurrVAzVSs6VsS",
        ],
        "senders": Array [
          "1N2Sb5wht88FyXnQSt1LWRhHy9dp7W9",
        ],
        "type": "IN",
        "value": "10676",
      },
      Object {
        "accountId": "mock_account_model1",
        "blockHash": "7E3517C4B5D400216D20FC1BA52B3154D983E81BE3D867B0CB31172B6083C894",
        "blockHeight": 185490,
        "date": "2018-03-12T09:43:37.811Z",
        "fee": "2260",
        "hash": "3A6F3B239FCBFFCA99536EACD7417D316FD952728303967D5327EDD976A3EBB8",
        "id": "mock_op_14_mock_account_model1",
        "recipients": Array [
          "155ft7pyZLBE1GDKm6SLUNvDF4PArcrXN",
        ],
        "senders": Array [
          "1z3PAadj9bvFexTSm5PkaQa5HEE",
        ],
        "type": "IN",
        "value": "225981",
      },
      Object {
        "accountId": "mock_account_model1",
        "blockHash": "712446DED90E8411F341A3B19D556DFE902D1AD0953185E3A0339BEE97234296",
        "blockHeight": 185490,
        "date": "2018-03-12T09:35:44.691Z",
        "fee": "9747",
        "hash": "6CDAE75BCD6694A65EB3AED3BF6A87F2916E48286F78E45915ABF6173DEC9926",
        "id": "mock_op_15_mock_account_model1",
        "recipients": Array [
          "1YhHXt92oWFo7Lzvq1DbFhrxVWS",
        ],
        "senders": Array [
          "1to2AWL6bEEHy6qS3dv9chHyVUKTKr",
        ],
        "type": "OUT",
        "value": "974691",
      },
      Object {
        "accountId": "mock_account_model1",
        "blockHash": "402DB8958F35704C9F279615014C21D504CC01F52F003E747F33D1CA9C66F5BE",
        "blockHeight": 185490,
        "date": "2018-03-12T09:35:34.168Z",
        "fee": "20570",
        "hash": "654D3C64A5CF45151B2D8444E4D32A2C28A3A642BC9FC6CAB4D3C8DDF00EC9AC",
        "id": "mock_op_16_mock_account_model1",
        "recipients": Array [
          "1yDiSQ5Pi5JJvPZx331xEFBfZyyo29WY7b",
        ],
        "senders": Array [
          "1EchAKmf3SsUqLeb7oXV82ybTmdmPpYUhVt",
        ],
        "type": "IN",
        "value": "2056967",
      },
      Object {
        "accountId": "mock_account_model1",
        "blockHash": "B887915331911B25214FE8F2C63CACF4D4CB84D30A98DB9539C784F934691369",
        "blockHeight": 185425,
        "date": "2018-03-11T17:25:03.137Z",
        "fee": "38911",
        "hash": "0369F5CFDC66F0C2215389EE88785C56F9F5DD95D7242624E2123760A5A0D0D4",
        "id": "mock_op_17_mock_account_model1",
        "recipients": Array [
          "1FQiFF5iXUvK6RueWx2s9CVXUFCFa3YHzs",
        ],
        "senders": Array [
          "1V248wvBiZJoJGUeD4dZ8mVYD29tU",
        ],
        "type": "IN",
        "value": "3891101",
      },
      Object {
        "accountId": "mock_account_model1",
        "blockHash": "4DFB0EF2CAF9E296137FC58A394792E2CE48898191EDDD11A0D28BE22CD09931",
        "blockHeight": 185404,
        "date": "2018-03-11T12:18:21.944Z",
        "fee": "1381",
        "hash": "1862C912116695D03A9FF0016BE19131FC7FDC807979374A2CA88C4BCDF26BE5",
        "id": "mock_op_18_mock_account_model1",
        "recipients": Array [
          "1a4YFN8DxxBdeeTfELsJyvYBCCFsphz4kW4",
        ],
        "senders": Array [
          "1GdDtcd743PMaKyrhPu7J936UXbGe",
        ],
        "type": "OUT",
        "value": "138107",
      },
      Object {
        "accountId": "mock_account_model1",
        "blockHash": "390D77A9EFA7AEC67790F2DF2AFCFFFA1D1E1A4B95B5BCDE2FB0756CDD84181C",
        "blockHeight": 185403,
        "date": "2018-03-11T11:58:31.746Z",
        "fee": "15222",
        "hash": "20B01B603AB14936087F458C81573743A2545FD7E4A1F8DA88E9B54592C1457E",
        "id": "mock_op_19_mock_account_model1",
        "recipients": Array [
          "1H6AtDgrG6vLZKVoNmzBZ1FfsaKLxR1824y",
        ],
        "senders": Array [
          "1ka5cCsvbASXDib59WkmG57JKZvcTQfb",
        ],
        "type": "OUT",
        "value": "1522194",
      },
      Object {
        "accountId": "mock_account_model1",
        "blockHash": "80D20781F7C171875219080528EF6984053E220A5003717CBCC560B754577E70",
        "blockHeight": 185381,
        "date": "2018-03-11T06:19:54.381Z",
        "fee": "1653",
        "hash": "5BF3E6A2DA403AA83354DBB4DAE899EEB5A75FE71C205064141A60E1B60B64AB",
        "id": "mock_op_20_mock_account_model1",
        "recipients": Array [
          "1G4UJQTTg5ypZDKJL1nCdmKGeysSBb",
        ],
        "senders": Array [
          "1LnfuUVTcdXAY824pxvwDFybTh",
        ],
        "type": "OUT",
        "value": "165345",
      },
      Object {
        "accountId": "mock_account_model1",
        "blockHash": "3B65988102E10FAF1B9AD4C18DC9489EB4167BCC1CEA35755C61414241653677",
        "blockHeight": 185359,
        "date": "2018-03-11T00:55:04.582Z",
        "fee": "14345",
        "hash": "0F8B8B518C2D38418439B0AD3B14B8CE2C80195B61CF037A2498795DCECE5E7E",
        "id": "mock_op_21_mock_account_model1",
        "recipients": Array [
          "1oSSFFT5reURQR1nx1NH4dFda1eeJCQxR",
        ],
        "senders": Array [
          "14QCMcbY5WcDy2pJzWiXXCsyciUVo",
        ],
        "type": "OUT",
        "value": "1434457",
      },
      Object {
        "accountId": "mock_account_model1",
        "blockHash": "8FE08D7CEFC1732F2C5AA54DAAD7B9C67B8426FBD71C7D964A8D86D0F12859EB",
        "blockHeight": 185358,
        "date": "2018-03-11T00:46:32.994Z",
        "fee": "23118",
        "hash": "4F1034882DECEF7EA7B2E72C855FEBE19BD756BA797FFA64541543AADB3D7217",
        "id": "mock_op_22_mock_account_model1",
        "recipients": Array [
          "15RVkubdtkPcz4wwRxs1ojv3P68BvMxyZq",
        ],
        "senders": Array [
          "1897qnSkDTFhAsGzF9mAvW3YpK33hmR",
        ],
        "type": "OUT",
        "value": "2311830",
      },
      Object {
        "accountId": "mock_account_model1",
        "blockHash": "2B093C6B46582A97F538928F3809EECCE3A9E50E0BBC16E2B7D9931F32595ABA",
        "blockHeight": 185358,
        "date": "2018-03-11T00:44:02.671Z",
        "fee": "26683",
        "hash": "9CA758AB4312A28FF46B15608F79E2E329A17023AE6B9766CDE864865ECDF872",
        "id": "mock_op_23_mock_account_model1",
        "recipients": Array [
          "1VP8VYxyMEAn82LB2vQwnCJf7EHzvJW",
        ],
        "senders": Array [
          "12NiyvzcNQ68mn5mMyvtbDEGW3Rd",
        ],
        "type": "IN",
        "value": "2668254",
      },
      Object {
        "accountId": "mock_account_model1",
        "blockHash": "DD2D37D35637886A5809EE6C2DE1AAB8E36416E409A90A65B9AC6DFE3305BD15",
        "blockHeight": 185292,
        "date": "2018-03-10T08:19:05.804Z",
        "fee": "3323",
        "hash": "290851DE134D36E7B3C54534918EBDDB8B43BC9FBCB95301A848B22A6260D1DD",
        "id": "mock_op_24_mock_account_model1",
        "recipients": Array [
          "1VdyXwsVEyS3YMHcq42vLfVctvkfvhSAB",
        ],
        "senders": Array [
          "18iUMHgsayahX38KWBiuLkxLCytcg",
        ],
        "type": "IN",
        "value": "332334",
      },
      Object {
        "accountId": "mock_account_model1",
        "blockHash": "D8B070D882A70935CA1CAE21325BFD568A28A7DAD4E94033E636B5D15522AFD9",
        "blockHeight": 185276,
        "date": "2018-03-10T04:19:08.029Z",
        "fee": "337",
        "hash": "4F9740497545A0BFB832E7B2964CD4C7F295113C91938122431AB44F8F9BD432",
        "id": "mock_op_25_mock_account_model1",
        "recipients": Array [
          "1bEUHSBFLMbHdg5qcuS6azADNVXn",
        ],
        "senders": Array [
          "1LcBa8RHX26vtsgRALedcg3fyRueT",
        ],
        "type": "IN",
        "value": "33671",
      },
      Object {
        "accountId": "mock_account_model1",
        "blockHash": "890A7BB0D07AED5C3C55DBC735CCC560209163DAE7C80FF89351FC0A562201D4",
        "blockHeight": 185226,
        "date": "2018-03-09T15:38:17.624Z",
        "fee": "22475",
        "hash": "1155E8B1576E4D93BBB16AEA22D0A66B4C183E9441DDE0725DB051D5522CD037",
        "id": "mock_op_26_mock_account_model1",
        "recipients": Array [
          "1T3w6DW4k4ES8HmgJgp46jfbJC3b",
        ],
        "senders": Array [
          "1soUABAhoCeQZCczk3iLr7TY6o",
        ],
        "type": "IN",
        "value": "2247498",
      },
      Object {
        "accountId": "mock_account_model1",
        "blockHash": "FA1496B63320F62BC6931DE1B4459ABD3DAF8A163B5F8C29043B2394F97A0BDA",
        "blockHeight": 185217,
        "date": "2018-03-09T13:22:23.021Z",
        "fee": "14943",
        "hash": "AFCD22C4B4C403DCC3E6AF174F6C1F382114F68796DDE4B62BC09F4E0C8E49F8",
        "id": "mock_op_27_mock_account_model1",
        "recipients": Array [
          "1MuvBXi9r1isNvdvWPaCtFjoptzDptFK",
        ],
        "senders": Array [
          "1KVtKTsjMrEieC7GGnYEEr3XQY3UT",
        ],
        "type": "IN",
        "value": "1494271",
      },
      Object {
        "accountId": "mock_account_model1",
        "blockHash": "633DBB26457B5412CD906CAF43FF11930ED9A865B00167FCF2F037CECD2243E7",
        "blockHeight": 185196,
        "date": "2018-03-09T08:15:29.452Z",
        "fee": "736",
        "hash": "774CA52883E28E1F44CBC0B8F94C1E250E8FA60FDD14F3908DFDB08E2352D4F5",
        "id": "mock_op_28_mock_account_model1",
        "recipients": Array [
          "1tDUfbDM9dLp5xL1pZuCsWv8U5d33bbN7C",
        ],
        "senders": Array [
          "1niZavgshcFKzQFkdQwFZTbeiTd4kKgN",
        ],
        "type": "IN",
        "value": "73639",
      },
      Object {
        "accountId": "mock_account_model1",
        "blockHash": "E917774B6DF780BACFDF7A6C0377060F35F058828962E858769C43BB0F906F9F",
        "blockHeight": 185180,
        "date": "2018-03-09T04:06:39.154Z",
        "fee": "149",
        "hash": "17587D2828B81A7FCCAFFE549BE7933C49AEBC351DBDC5F9361422A736F41CBF",
        "id": "mock_op_29_mock_account_model1",
        "recipients": Array [
          "1EBVVWZSJRYfMEnXCiMZ7i9Jaz4B",
        ],
        "senders": Array [
          "1tvXstHAJ3ej6MPnXv5Fo4e9sRT7",
        ],
        "type": "OUT",
        "value": "14919",
      },
      Object {
        "accountId": "mock_account_model1",
        "blockHash": "41A12B27E66E9B509331355980975BD1F00BD64F0145A7C04CC4A1A120BCC863",
        "blockHeight": 185165,
        "date": "2018-03-09T00:25:58.339Z",
        "fee": "51958",
        "hash": "EE145FE2BDC9CC07D9313DEB0E39CCB90DE3711507AAAE228DEF9BC56FC6D057",
        "id": "mock_op_30_mock_account_model1",
        "recipients": Array [
          "1isZPAjhJC63tg6XkjZTFx73Nwx",
        ],
        "senders": Array [
          "1WdQcCtjJ9ShPoSdgt5a3Ef5yaq5ybL2",
        ],
        "type": "IN",
        "value": "5195800",
      },
      Object {
        "accountId": "mock_account_model1",
        "blockHash": "0F12C942A51FD7522F995EEBDF20F62372E6B1C4CEEE0127CBAFD2435CB69313",
        "blockHeight": 185163,
        "date": "2018-03-09T00:01:08.615Z",
        "fee": "12176",
        "hash": "A670C96DFE36AE2D1E43CE28B6EC2C6A081178E202B94E4C97D5737E6FE7E6DC",
        "id": "mock_op_31_mock_account_model1",
        "recipients": Array [
          "1AP7KaArdhytBwYuH1j14rFeSrkBCU2ew6",
        ],
        "senders": Array [
          "1uxy7qMhCEzfHWBEt6Z31j1YmiBfjc85yL",
        ],
        "type": "OUT",
        "value": "1217646",
      },
      Object {
        "accountId": "mock_account_model1",
        "blockHash": "F9ED5912B88EFC630F74F501589E4075EBD7BE8281ACB7FE10206AB935C6018D",
        "blockHeight": 185133,
        "date": "2018-03-08T16:24:10.476Z",
        "fee": "1480",
        "hash": "3E3433722076BB9C01586FA2AA2FF2B3053F076C22BA5AC5FB9BB08129B3CFB9",
        "id": "mock_op_32_mock_account_model1",
        "recipients": Array [
          "1YBCkyo5W6WCv76vvvBm4fhoSC7r",
        ],
        "senders": Array [
          "1vXLVgMTjzPqXqCMpo5chbH2UYEx",
        ],
        "type": "IN",
        "value": "147962",
      },
      Object {
        "accountId": "mock_account_model1",
        "blockHash": "B5EED09C60C4A631D2B01E922B8F09172F398E16E09DB44483693AD07DA58393",
        "blockHeight": 185116,
        "date": "2018-03-08T12:08:05.130Z",
        "fee": "43906",
        "hash": "A0F59291FD7796186C8D3F2DB95116B774C00AE70634BB858A8D355B77DFAE1F",
        "id": "mock_op_33_mock_account_model1",
        "recipients": Array [
          "1RbGnJ8FqUvCp6TLZ8Mgjv9kg6CusfZn",
        ],
        "senders": Array [
          "1fVJm1LjseytU3vCDrCFkfemYuuA",
        ],
        "type": "IN",
        "value": "4390561",
      },
      Object {
        "accountId": "mock_account_model1",
        "blockHash": "900EBDEA527D1621B2A3391F12F75B6C53F2DA6518B15D8D798F042F944F0135",
        "blockHeight": 185072,
        "date": "2018-03-08T01:18:32.025Z",
        "fee": "23497",
        "hash": "39C07E7C271500938692774A61761372C90206B34F75341EC27D51915F223621",
        "id": "mock_op_34_mock_account_model1",
        "recipients": Array [
          "1ByP2NVqb46jYgbM6BFEiBdj7sLwf3a34kk",
        ],
        "senders": Array [
          "16EYq5DajE3sow79zzFZJby6sUsish",
        ],
        "type": "IN",
        "value": "2349744",
      },
      Object {
        "accountId": "mock_account_model1",
        "blockHash": "016549DB2FB2201A73739678E8455964B7D59680FFB12B693E617C574546CB4F",
        "blockHeight": 185060,
        "date": "2018-03-07T22:07:06.097Z",
        "fee": "8715",
        "hash": "77F1050A919D5D658720B1B0B36F50F5A52CBC955533D5A0B5F3707D895AAE1A",
        "id": "mock_op_35_mock_account_model1",
        "recipients": Array [
          "1FDp3GqCFcLdQLGAvggigGXMXguH4j",
        ],
        "senders": Array [
          "1Zf2hKWj1sTNH3cQRuTY4S345ibUFSLRbz",
        ],
        "type": "IN",
        "value": "871487",
      },
      Object {
        "accountId": "mock_account_model1",
        "blockHash": "1D299AFFAB139340BD0C8CF2BEC4838ED46C334E6869E111DEECC1ADB69B8C77",
        "blockHeight": 185030,
        "date": "2018-03-07T14:43:22.473Z",
        "fee": "10619",
        "hash": "F3F937EC25CEE4A3D02BE883FC856104A4C25A29DEDC08F846A2EFA92E51EA43",
        "id": "mock_op_36_mock_account_model1",
        "recipients": Array [
          "1PjLv2zoTgr4D3LGYJnNmBArNHsTVgewjVK",
        ],
        "senders": Array [
          "1apTpz9udQ2LeFAkNnxXsMxW1f",
        ],
        "type": "IN",
        "value": "1061881",
      },
    ],
    "pendingOperations": Array [],
    "unitMagnitude": 8,
    "xpub": "F645D40EED6E262E3A6CCC3181EB9CAECCF89E8E4B36187F92C319A29A4E3A56",
  },
  "version": 0,
}
`;
